I0525 14:38:30.072789  6301 gnss_flowgraph.cc:1252] Channel 6 in state 2
I0525 14:38:30.075381  6356 rtklib_pvt_gs.cc:1050] Ephemeris record has arrived from SAT ID 17 (Block IIR-M)inserted with Toe=115200 and GPS Week=59
I0525 14:38:30.075482  6356 rtklib_pvt_gs.cc:1050] Ephemeris record has arrived from SAT ID 22 (Block IIR)inserted with Toe=115200 and GPS Week=59
I0525 14:38:30.075943  6301 gps_l1_ca_telemetry_decoder_gs.cc:164] Setting decoder Finite State Machine to satellite GPS PRN 04 (Block Unknown)
I0525 14:38:30.075953  6301 gps_l1_ca_telemetry_decoder_gs.cc:166] Navigation Satellite set to GPS PRN 04 (Block Unknown)
I0525 14:38:30.075958  6301 gps_l1_ca_telemetry_decoder.cc:57] TELEMETRY DECODER: satellite set to GPS PRN 04 (Block Unknown)
I0525 14:38:30.075984  6301 gnss_flowgraph.cc:1223] Channel 7 Starting acquisition GPS PRN 04 (Block Unknown), Signal 1C
I0525 14:38:30.075997  6301 gps_l1_ca_telemetry_decoder_gs.cc:313] Telemetry decoder reset for satellite GPS PRN 04 (Block Unknown)
I0525 14:38:30.076001  6301 channel_fsm.cc:89] CH = 7. Ev start acquisition
I0525 14:38:30.076006  6301 channel.cc:248] Channel start_acquisition()
I0525 14:38:30.076020  6301 gnss_flowgraph.cc:1252] Channel 7 in state 1
I0525 14:38:30.076359  6351 gps_l1_ca_telemetry_decoder_gs.cc:427] Preamble received for SAT GPS PRN 06 (Block IIF)d_sample_counter=3374
I0525 14:38:30.076542  6356 rtklib_pvt_gs.cc:1050] Ephemeris record has arrived from SAT ID 6 (Block IIF)inserted with Toe=115200 and GPS Week=59
I0525 14:38:30.079772  6334 pcps_acquisition.cc:640] Channel: 7 , doing acquisition of satellite: G 4 ,sample stamp: 427112841, threshold: 40.6733, doppler_max: 10000, doppler_step: 250, use_CFAR_algorithm_flag: true
I0525 14:38:30.086299  6356 rtklib_solver.cc:985] RTKLIB Position at RX TOW = 110328 in ECEF (X,Y,Z,t[meters]) =   -2.8458e+06
   4.6592e+06
   3.2867e+06
  -7.1738e-02
I0525 14:38:30.088373  6356 rtklib_solver.cc:999] RTKLIB Position at 2020-May-25 06:38:29.840000 is Lat = 13.2184 [deg], Long = 37.416 [deg], Height= 100.526 [m] RX time offset= -0.0717383 [s]
I0525 14:38:30.088730  6355 hybrid_observables_gs.cc:200] Corrected new RX Time offset: -72[ms]
I0525 14:38:30.088753  6356 rtklib_pvt_gs.cc:2111] Sent clock offset correction to observables: -0.0717383[s]
I0525 14:38:30.094460  6334 pcps_acquisition.cc:394] negative acquisition, satellite G 4, sample_stamp 427112841, test statistics value 24.6774, test statistics threshold 40.6733, code phase 351, doppler -3500, magnitude 0, input signal power 3.83141e+07
I0525 14:38:30.094557  6319 channel_fsm.cc:131] CH = 7. Ev failed acquisition no repeat
I0525 14:38:30.094580  6301 control_thread.cc:240] New channel event rx from ch id: 7 what: 0
I0525 14:38:30.094589  6301 gnss_flowgraph.cc:1283] Received 0 from 7
I0525 14:38:30.094656  6301 gnss_flowgraph.cc:1301] Channel 7 ACQ FAILED satellite GPS PRN 04 (Block Unknown), Signal 1C
I0525 14:38:30.094691  6301 gnss_flowgraph.cc:1252] Channel 0 in state 2
I0525 14:38:30.094702  6301 gnss_flowgraph.cc:1252] Channel 1 in state 2
I0525 14:38:30.094710  6301 gnss_flowgraph.cc:1252] Channel 2 in state 2
I0525 14:38:30.094719  6301 gnss_flowgraph.cc:1252] Channel 3 in state 2
I0525 14:38:30.094730  6301 gnss_flowgraph.cc:1252] Channel 4 in state 2
I0525 14:38:30.094753  6301 gnss_flowgraph.cc:1252] Channel 5 in state 2
I0525 14:38:30.094830  6301 gnss_flowgraph.cc:1252] Channel 6 in state 2
I0525 14:38:30.099261  6336 gps_l1_ca_telemetry_decoder_gs.cc:427] Preamble received for SAT GPS PRN 01 (Block IIF)d_sample_counter=3361
I0525 14:38:30.099488  6356 rtklib_pvt_gs.cc:1050] Ephemeris record has arrived from SAT ID 1 (Block IIF)inserted with Toe=115200 and GPS Week=59
I0525 14:38:30.105851  6301 gps_l1_ca_telemetry_decoder_gs.cc:164] Setting decoder Finite State Machine to satellite GPS PRN 05 (Block IIR-M)
I0525 14:38:30.105872  6301 gps_l1_ca_telemetry_decoder_gs.cc:166] Navigation Satellite set to GPS PRN 05 (Block IIR-M)
I0525 14:38:30.105877  6301 gps_l1_ca_telemetry_decoder.cc:57] TELEMETRY DECODER: satellite set to GPS PRN 05 (Block IIR-M)
I0525 14:38:30.105906  6301 gnss_flowgraph.cc:1223] Channel 7 Starting acquisition GPS PRN 05 (Block IIR-M), Signal 1C
I0525 14:38:30.105918  6301 gps_l1_ca_telemetry_decoder_gs.cc:313] Telemetry decoder reset for satellite GPS PRN 05 (Block IIR-M)
I0525 14:38:30.105923  6301 channel_fsm.cc:89] CH = 7. Ev start acquisition
I0525 14:38:30.105927  6301 channel.cc:248] Channel start_acquisition()
I0525 14:38:30.105934  6301 gnss_flowgraph.cc:1252] Channel 7 in state 1
I0525 14:38:30.111016  6334 pcps_acquisition.cc:640] Channel: 7 , doing acquisition of satellite: G 5 ,sample stamp: 427272841, threshold: 40.6733, doppler_max: 10000, doppler_step: 250, use_CFAR_algorithm_flag: true
I0525 14:38:30.120782  6350 dll_pll_veml_tracking.cc:891] Loss of lock in channel 1 (carrier_lock_fail_counter:5001 code_lock_fail_counter : 0)
I0525 14:38:30.120872  6325 channel_fsm.cc:145] CH = 1. Ev failed tracking standby
I0525 14:38:30.120887  6301 control_thread.cc:240] New channel event rx from ch id: 1 what: 2
I0525 14:38:30.120895  6301 gnss_flowgraph.cc:1283] Received 2 from 1
I0525 14:38:30.120957  6301 gnss_flowgraph.cc:1332] Channel 1 TRK FAILED satellite GPS PRN 06 (Block IIF)
I0525 14:38:30.120968  6301 gnss_flowgraph.cc:1351] Channel 1 Idle state
I0525 14:38:30.124028  6334 pcps_acquisition.cc:394] negative acquisition, satellite G 5, sample_stamp 427272841, test statistics value 28.407, test statistics threshold 40.6733, code phase 1393, doppler -9000, magnitude 0, input signal power 3.89558e+07
I0525 14:38:30.124097  6319 channel_fsm.cc:131] CH = 7. Ev failed acquisition no repeat
I0525 14:38:30.124121  6301 control_thread.cc:240] New channel event rx from ch id: 7 what: 0
I0525 14:38:30.124127  6301 gnss_flowgraph.cc:1283] Received 0 from 7
I0525 14:38:30.124176  6301 gnss_flowgraph.cc:1301] Channel 7 ACQ FAILED satellite GPS PRN 05 (Block IIR-M), Signal 1C
I0525 14:38:30.124217  6301 gnss_flowgraph.cc:1252] Channel 0 in state 2
I0525 14:38:30.126667  6301 gps_l1_ca_telemetry_decoder_gs.cc:164] Setting decoder Finite State Machine to satellite GPS PRN 07 (Block IIR-M)
I0525 14:38:30.126679  6301 gps_l1_ca_telemetry_decoder_gs.cc:166] Navigation Satellite set to GPS PRN 07 (Block IIR-M)
I0525 14:38:30.126684  6301 gps_l1_ca_telemetry_decoder.cc:57] TELEMETRY DECODER: satellite set to GPS PRN 07 (Block IIR-M)
I0525 14:38:30.126713  6301 gnss_flowgraph.cc:1223] Channel 1 Starting acquisition GPS PRN 07 (Block IIR-M), Signal 1C
I0525 14:38:30.126765  6301 gps_l1_ca_telemetry_decoder_gs.cc:313] Telemetry decoder reset for satellite GPS PRN 07 (Block IIR-M)
I0525 14:38:30.126770  6301 channel_fsm.cc:89] CH = 1. Ev start acquisition
I0525 14:38:30.126775  6301 channel.cc:248] Channel start_acquisition()
I0525 14:38:30.126781  6301 gnss_flowgraph.cc:1252] Channel 1 in state 1
I0525 14:38:30.126801  6301 gnss_flowgraph.cc:1252] Channel 2 in state 2
I0525 14:38:30.126811  6301 gnss_flowgraph.cc:1252] Channel 3 in state 2
I0525 14:38:30.126821  6301 gnss_flowgraph.cc:1252] Channel 4 in state 2
I0525 14:38:30.126829  6301 gnss_flowgraph.cc:1252] Channel 5 in state 2
I0525 14:38:30.126838  6301 gnss_flowgraph.cc:1252] Channel 6 in state 2
I0525 14:38:30.126847  6301 gnss_flowgraph.cc:1252] Channel 7 in state 0
I0525 14:38:30.129616  6352 pcps_acquisition.cc:640] Channel: 1 , doing acquisition of satellite: G 7 ,sample stamp: 427353341, threshold: 40.6733, doppler_max: 10000, doppler_step: 250, use_CFAR_algorithm_flag: true
I0525 14:38:30.134640  6352 pcps_acquisition.cc:394] negative acquisition, satellite G 7, sample_stamp 427353341, test statistics value 31.1696, test statistics threshold 40.6733, code phase 2532, doppler -250, magnitude 0, input signal power 3.59639e+07
I0525 14:38:30.134727  6325 channel_fsm.cc:131] CH = 1. Ev failed acquisition no repeat
I0525 14:38:30.134740  6301 control_thread.cc:240] New channel event rx from ch id: 1 what: 0
I0525 14:38:30.134749  6301 gnss_flowgraph.cc:1283] Received 0 from 1
I0525 14:38:30.134802  6301 gnss_flowgraph.cc:1301] Channel 1 ACQ FAILED satellite GPS PRN 07 (Block IIR-M), Signal 1C
I0525 14:38:30.134963  6301 gnss_flowgraph.cc:1252] Channel 2 in state 2
I0525 14:38:30.134976  6301 gnss_flowgraph.cc:1252] Channel 3 in state 2
I0525 14:38:30.134985  6301 gnss_flowgraph.cc:1252] Channel 4 in state 2
I0525 14:38:30.134994  6301 gnss_flowgraph.cc:1252] Channel 5 in state 2
I0525 14:38:30.135004  6301 gnss_flowgraph.cc:1252] Channel 6 in state 2
I0525 14:38:30.140229  6301 gps_l1_ca_telemetry_decoder_gs.cc:164] Setting decoder Finite State Machine to satellite GPS PRN 30 (Block IIF)
I0525 14:38:30.140244  6301 gps_l1_ca_telemetry_decoder_gs.cc:166] Navigation Satellite set to GPS PRN 30 (Block IIF)
I0525 14:38:30.140249  6301 gps_l1_ca_telemetry_decoder.cc:57] TELEMETRY DECODER: satellite set to GPS PRN 30 (Block IIF)
I0525 14:38:30.140277  6301 gnss_flowgraph.cc:1223] Channel 7 Starting acquisition GPS PRN 30 (Block IIF), Signal 1C
I0525 14:38:30.140290  6301 gps_l1_ca_telemetry_decoder_gs.cc:313] Telemetry decoder reset for satellite GPS PRN 30 (Block IIF)
I0525 14:38:30.140295  6301 channel_fsm.cc:89] CH = 7. Ev start acquisition
I0525 14:38:30.140300  6301 channel.cc:248] Channel start_acquisition()
I0525 14:38:30.140306  6301 gnss_flowgraph.cc:1252] Channel 7 in state 1
I0525 14:38:30.140324  6301 gnss_flowgraph.cc:1252] Channel 0 in state 2
I0525 14:38:30.140332  6301 gnss_flowgraph.cc:1252] Channel 1 in state 0
I0525 14:38:30.142926  6334 pcps_acquisition.cc:640] Channel: 7 , doing acquisition of satellite: G 30 ,sample stamp: 427405683, threshold: 40.6733, doppler_max: 10000, doppler_step: 250, use_CFAR_algorithm_flag: true
I0525 14:38:30.156206  6334 pcps_acquisition.cc:394] negative acquisition, satellite G 30, sample_stamp 427405683, test statistics value 25.7147, test statistics threshold 40.6733, code phase 3373, doppler 4750, magnitude 0, input signal power 3.62684e+07
I0525 14:38:30.156320  6319 channel_fsm.cc:131] CH = 7. Ev failed acquisition no repeat
I0525 14:38:30.156335  6301 control_thread.cc:240] New channel event rx from ch id: 7 what: 0
I0525 14:38:30.156347  6301 gnss_flowgraph.cc:1283] Received 0 from 7
I0525 14:38:30.156399  6301 gnss_flowgraph.cc:1301] Channel 7 ACQ FAILED satellite GPS PRN 30 (Block IIF), Signal 1C
I0525 14:38:30.156414  6301 gnss_flowgraph.cc:1252] Channel 0 in state 2
I0525 14:38:30.158751  6301 gps_l1_ca_telemetry_decoder_gs.cc:164] Setting decoder Finite State Machine to satellite GPS PRN 08 (Block IIF)
I0525 14:38:30.158761  6301 gps_l1_ca_telemetry_decoder_gs.cc:166] Navigation Satellite set to GPS PRN 08 (Block IIF)
I0525 14:38:30.158766  6301 gps_l1_ca_telemetry_decoder.cc:57] TELEMETRY DECODER: satellite set to GPS PRN 08 (Block IIF)
I0525 14:38:30.158794  6301 gnss_flowgraph.cc:1223] Channel 1 Starting acquisition GPS PRN 08 (Block IIF), Signal 1C
I0525 14:38:30.158807  6301 gps_l1_ca_telemetry_decoder_gs.cc:313] Telemetry decoder reset for satellite GPS PRN 08 (Block IIF)
I0525 14:38:30.158812  6301 channel_fsm.cc:89] CH = 1. Ev start acquisition
I0525 14:38:30.158816  6301 channel.cc:248] Channel start_acquisition()
I0525 14:38:30.158823  6301 gnss_flowgraph.cc:1252] Channel 1 in state 1
I0525 14:38:30.158838  6301 gnss_flowgraph.cc:1252] Channel 2 in state 2
I0525 14:38:30.158847  6301 gnss_flowgraph.cc:1252] Channel 3 in state 2
I0525 14:38:30.158856  6301 gnss_flowgraph.cc:1252] Channel 4 in state 2
I0525 14:38:30.158864  6301 gnss_flowgraph.cc:1252] Channel 5 in state 2
I0525 14:38:30.158874  6301 gnss_flowgraph.cc:1252] Channel 6 in state 2
I0525 14:38:30.158882  6301 gnss_flowgraph.cc:1252] Channel 7 in state 0
I0525 14:38:30.160774  6352 pcps_acquisition.cc:640] Channel: 1 , doing acquisition of satellite: G 8 ,sample stamp: 427489683, threshold: 40.6733, doppler_max: 10000, doppler_step: 250, use_CFAR_algorithm_flag: true
I0525 14:38:30.166538  6352 pcps_acquisition.cc:394] negative acquisition, satellite G 8, sample_stamp 427489683, test statistics value 25.8783, test statistics threshold 40.6733, code phase 2503, doppler 7750, magnitude 0, input signal power 3.55915e+07
I0525 14:38:30.168442  6325 channel_fsm.cc:131] CH = 1. Ev failed acquisition no repeat
I0525 14:38:30.168454  6301 control_thread.cc:240] New channel event rx from ch id: 1 what: 0
I0525 14:38:30.168463  6301 gnss_flowgraph.cc:1283] Received 0 from 1
I0525 14:38:30.168520  6301 gnss_flowgraph.cc:1301] Channel 1 ACQ FAILED satellite GPS PRN 08 (Block IIF), Signal 1C
I0525 14:38:30.168535  6301 gnss_flowgraph.cc:1252] Channel 2 in state 2
I0525 14:38:30.168545  6301 gnss_flowgraph.cc:1252] Channel 3 in state 2
I0525 14:38:30.168552  6301 gnss_flowgraph.cc:1252] Channel 4 in state 2
I0525 14:38:30.168563  6301 gnss_flowgraph.cc:1252] Channel 5 in state 2
I0525 14:38:30.168572  6301 gnss_flowgraph.cc:1252] Channel 6 in state 2
I0525 14:38:30.170987  6301 gps_l1_ca_telemetry_decoder_gs.cc:164] Setting decoder Finite State Machine to satellite GPS PRN 09 (Block IIF)
I0525 14:38:30.170997  6301 gps_l1_ca_telemetry_decoder_gs.cc:166] Navigation Satellite set to GPS PRN 09 (Block IIF)
I0525 14:38:30.171002  6301 gps_l1_ca_telemetry_decoder.cc:57] TELEMETRY DECODER: satellite set to GPS PRN 09 (Block IIF)
I0525 14:38:30.171030  6301 gnss_flowgraph.cc:1223] Channel 7 Starting acquisition GPS PRN 09 (Block IIF), Signal 1C
I0525 14:38:30.171043  6301 gps_l1_ca_telemetry_decoder_gs.cc:313] Telemetry decoder reset for satellite GPS PRN 09 (Block IIF)
I0525 14:38:30.171048  6301 channel_fsm.cc:89] CH = 7. Ev start acquisition
I0525 14:38:30.171052  6301 channel.cc:248] Channel start_acquisition()
I0525 14:38:30.171059  6301 gnss_flowgraph.cc:1252] Channel 7 in state 1
I0525 14:38:30.171072  6301 gnss_flowgraph.cc:1252] Channel 0 in state 2
I0525 14:38:30.171082  6301 gnss_flowgraph.cc:1252] Channel 1 in state 0
I0525 14:38:30.173709  6334 pcps_acquisition.cc:640] Channel: 7 , doing acquisition of satellite: G 9 ,sample stamp: 427553683, threshold: 40.6733, doppler_max: 10000, doppler_step: 250, use_CFAR_algorithm_flag: true
I0525 14:38:30.178968  6334 pcps_acquisition.cc:394] negative acquisition, satellite G 9, sample_stamp 427553683, test statistics value 26.7113, test statistics threshold 40.6733, code phase 492, doppler 6500, magnitude 0, input signal power 3.67399e+07
I0525 14:38:30.179040  6319 channel_fsm.cc:131] CH = 7. Ev failed acquisition no repeat
I0525 14:38:30.179069  6301 control_thread.cc:240] New channel event rx from ch id: 7 what: 0
I0525 14:38:30.179075  6301 gnss_flowgraph.cc:1283] Received 0 from 7
I0525 14:38:30.179131  6301 gnss_flowgraph.cc:1301] Channel 7 ACQ FAILED satellite GPS PRN 09 (Block IIF), Signal 1C
I0525 14:38:30.179147  6301 gnss_flowgraph.cc:1252] Channel 0 in state 2
I0525 14:38:30.181577  6301 gps_l1_ca_telemetry_decoder_gs.cc:164] Setting decoder Finite State Machine to satellite GPS PRN 10 (Block IIF)
I0525 14:38:30.181586  6301 gps_l1_ca_telemetry_decoder_gs.cc:166] Navigation Satellite set to GPS PRN 10 (Block IIF)
I0525 14:38:30.181591  6301 gps_l1_ca_telemetry_decoder.cc:57] TELEMETRY DECODER: satellite set to GPS PRN 10 (Block IIF)
I0525 14:38:30.181620  6301 gnss_flowgraph.cc:1223] Channel 1 Starting acquisition GPS PRN 10 (Block IIF), Signal 1C
I0525 14:38:30.181633  6301 gps_l1_ca_telemetry_decoder_gs.cc:313] Telemetry decoder reset for satellite GPS PRN 10 (Block IIF)
I0525 14:38:30.181638  6301 channel_fsm.cc:89] CH = 1. Ev start acquisition
I0525 14:38:30.181643  6301 channel.cc:248] Channel start_acquisition()
I0525 14:38:30.181649  6301 gnss_flowgraph.cc:1252] Channel 1 in state 1
I0525 14:38:30.181661  6301 gnss_flowgraph.cc:1252] Channel 2 in state 2
I0525 14:38:30.181670  6301 gnss_flowgraph.cc:1252] Channel 3 in state 2
I0525 14:38:30.181679  6301 gnss_flowgraph.cc:1252] Channel 4 in state 2
I0525 14:38:30.181689  6301 gnss_flowgraph.cc:1252] Channel 5 in state 2
I0525 14:38:30.181696  6301 gnss_flowgraph.cc:1252] Channel 6 in state 2
I0525 14:38:30.181705  6301 gnss_flowgraph.cc:1252] Channel 7 in state 0
I0525 14:38:30.182438  6341 dll_pll_veml_tracking.cc:891] Loss of lock in channel 4 (carrier_lock_fail_counter:5001 code_lock_fail_counter : 0)
I0525 14:38:30.182510  6322 channel_fsm.cc:145] CH = 4. Ev failed tracking standby
I0525 14:38:30.182710  6301 control_thread.cc:240] New channel event rx from ch id: 4 what: 2
I0525 14:38:30.182720  6301 gnss_flowgraph.cc:1283] Received 2 from 4
I0525 14:38:30.182762  6301 gnss_flowgraph.cc:1332] Channel 4 TRK FAILED satellite GPS PRN 19 (Block IIR)
I0525 14:38:30.182770  6301 gnss_flowgraph.cc:1351] Channel 4 Idle state
I0525 14:38:30.183185  6352 pcps_acquisition.cc:640] Channel: 1 , doing acquisition of satellite: G 10 ,sample stamp: 427588841, threshold: 40.6733, doppler_max: 10000, doppler_step: 250, use_CFAR_algorithm_flag: true
I0525 14:38:30.191164  6352 pcps_acquisition.cc:394] negative acquisition, satellite G 10, sample_stamp 427588841, test statistics value 24.0359, test statistics threshold 40.6733, code phase 3110, doppler 6250, magnitude 0, input signal power 3.82354e+07
I0525 14:38:30.191247  6325 channel_fsm.cc:131] CH = 1. Ev failed acquisition no repeat
I0525 14:38:30.191263  6301 control_thread.cc:240] New channel event rx from ch id: 1 what: 0
I0525 14:38:30.191272  6301 gnss_flowgraph.cc:1283] Received 0 from 1
I0525 14:38:30.191329  6301 gnss_flowgraph.cc:1301] Channel 1 ACQ FAILED satellite GPS PRN 10 (Block IIF), Signal 1C
I0525 14:38:30.191344  6301 gnss_flowgraph.cc:1252] Channel 2 in state 2
I0525 14:38:30.191354  6301 gnss_flowgraph.cc:1252] Channel 3 in state 2
I0525 14:38:30.193109  6335 dll_pll_veml_tracking.cc:891] Loss of lock in channel 6 (carrier_lock_fail_counter:5001 code_lock_fail_counter : 0)
I0525 14:38:30.193159  6320 channel_fsm.cc:145] CH = 6. Ev failed tracking standby
I0525 14:38:30.196858  6301 gps_l1_ca_telemetry_decoder_gs.cc:164] Setting decoder Finite State Machine to satellite GPS PRN 11 (Block IIR)
I0525 14:38:30.196878  6301 gps_l1_ca_telemetry_decoder_gs.cc:166] Navigation Satellite set to GPS PRN 11 (Block IIR)
I0525 14:38:30.196956  6301 gps_l1_ca_telemetry_decoder.cc:57] TELEMETRY DECODER: satellite set to GPS PRN 11 (Block IIR)
I0525 14:38:30.196987  6301 gnss_flowgraph.cc:1223] Channel 4 Starting acquisition GPS PRN 11 (Block IIR), Signal 1C
I0525 14:38:30.197038  6301 gps_l1_ca_telemetry_decoder_gs.cc:313] Telemetry decoder reset for satellite GPS PRN 11 (Block IIR)
I0525 14:38:30.197046  6301 channel_fsm.cc:89] CH = 4. Ev start acquisition
I0525 14:38:30.197048  6301 channel.cc:248] Channel start_acquisition()
I0525 14:38:30.197057  6301 gnss_flowgraph.cc:1252] Channel 4 in state 1
I0525 14:38:30.197105  6301 gnss_flowgraph.cc:1252] Channel 5 in state 2
I0525 14:38:30.197129  6301 gnss_flowgraph.cc:1252] Channel 6 in state 2
I0525 14:38:30.197141  6301 gnss_flowgraph.cc:1252] Channel 7 in state 0
I0525 14:38:30.197154  6301 gnss_flowgraph.cc:1252] Channel 0 in state 2
I0525 14:38:30.197166  6301 gnss_flowgraph.cc:1252] Channel 1 in state 0
I0525 14:38:30.197618  6301 control_thread.cc:240] New channel event rx from ch id: 6 what: 2
I0525 14:38:30.197629  6301 gnss_flowgraph.cc:1283] Received 2 from 6
I0525 14:38:30.197674  6301 gnss_flowgraph.cc:1332] Channel 6 TRK FAILED satellite GPS PRN 01 (Block IIF)
I0525 14:38:30.197683  6301 gnss_flowgraph.cc:1351] Channel 6 Idle state
I0525 14:38:30.199829  6343 pcps_acquisition.cc:640] Channel: 4 , doing acquisition of satellite: G 11 ,sample stamp: 427756379, threshold: 40.6733, doppler_max: 10000, doppler_step: 250, use_CFAR_algorithm_flag: true
I0525 14:38:30.204347  6343 pcps_acquisition.cc:394] negative acquisition, satellite G 11, sample_stamp 427756379, test statistics value 20.8897, test statistics threshold 40.6733, code phase 1681, doppler 9000, magnitude 0, input signal power 3.68488e+07
I0525 14:38:30.204483  6322 channel_fsm.cc:131] CH = 4. Ev failed acquisition no repeat
I0525 14:38:30.204499  6301 control_thread.cc:240] New channel event rx from ch id: 4 what: 0
I0525 14:38:30.204509  6301 gnss_flowgraph.cc:1283] Received 0 from 4
I0525 14:38:30.204561  6301 gnss_flowgraph.cc:1301] Channel 4 ACQ FAILED satellite GPS PRN 11 (Block IIR), Signal 1C
I0525 14:38:30.204576  6301 gnss_flowgraph.cc:1252] Channel 5 in state 2
I0525 14:38:30.206960  6301 gps_l1_ca_telemetry_decoder_gs.cc:164] Setting decoder Finite State Machine to satellite GPS PRN 12 (Block IIR-M)
I0525 14:38:30.206970  6301 gps_l1_ca_telemetry_decoder_gs.cc:166] Navigation Satellite set to GPS PRN 12 (Block IIR-M)
I0525 14:38:30.206975  6301 gps_l1_ca_telemetry_decoder.cc:57] TELEMETRY DECODER: satellite set to GPS PRN 12 (Block IIR-M)
I0525 14:38:30.207002  6301 gnss_flowgraph.cc:1223] Channel 6 Starting acquisition GPS PRN 12 (Block IIR-M), Signal 1C
I0525 14:38:30.207046  6301 gps_l1_ca_telemetry_decoder_gs.cc:313] Telemetry decoder reset for satellite GPS PRN 12 (Block IIR-M)
I0525 14:38:30.207051  6301 channel_fsm.cc:89] CH = 6. Ev start acquisition
I0525 14:38:30.207056  6301 channel.cc:248] Channel start_acquisition()
I0525 14:38:30.207062  6301 gnss_flowgraph.cc:1252] Channel 6 in state 1
I0525 14:38:30.207074  6301 gnss_flowgraph.cc:1252] Channel 7 in state 0
I0525 14:38:30.207083  6301 gnss_flowgraph.cc:1252] Channel 0 in state 2
I0525 14:38:30.207093  6301 gnss_flowgraph.cc:1252] Channel 1 in state 0
I0525 14:38:30.207101  6301 gnss_flowgraph.cc:1252] Channel 2 in state 2
I0525 14:38:30.207110  6301 gnss_flowgraph.cc:1252] Channel 3 in state 2
I0525 14:38:30.207118  6301 gnss_flowgraph.cc:1252] Channel 4 in state 0
I0525 14:38:30.208186  6337 pcps_acquisition.cc:640] Channel: 6 , doing acquisition of satellite: G 12 ,sample stamp: 427801191, threshold: 40.6733, doppler_max: 10000, doppler_step: 250, use_CFAR_algorithm_flag: true
I0525 14:38:30.212859  6337 pcps_acquisition.cc:394] negative acquisition, satellite G 12, sample_stamp 427801191, test statistics value 25.0778, test statistics threshold 40.6733, code phase 2567, doppler -8000, magnitude 0, input signal power 3.86108e+07
I0525 14:38:30.212949  6320 channel_fsm.cc:131] CH = 6. Ev failed acquisition no repeat
I0525 14:38:30.212978  6301 control_thread.cc:240] New channel event rx from ch id: 6 what: 0
I0525 14:38:30.213024  6301 gnss_flowgraph.cc:1283] Received 0 from 6
I0525 14:38:30.213083  6301 gnss_flowgraph.cc:1301] Channel 6 ACQ FAILED satellite GPS PRN 12 (Block IIR-M), Signal 1C
I0525 14:38:30.215991  6301 gps_l1_ca_telemetry_decoder_gs.cc:164] Setting decoder Finite State Machine to satellite GPS PRN 13 (Block IIR)
I0525 14:38:30.216017  6301 gps_l1_ca_telemetry_decoder_gs.cc:166] Navigation Satellite set to GPS PRN 13 (Block IIR)
I0525 14:38:30.216022  6301 gps_l1_ca_telemetry_decoder.cc:57] TELEMETRY DECODER: satellite set to GPS PRN 13 (Block IIR)
I0525 14:38:30.216051  6301 gnss_flowgraph.cc:1223] Channel 7 Starting acquisition GPS PRN 13 (Block IIR), Signal 1C
I0525 14:38:30.216064  6301 gps_l1_ca_telemetry_decoder_gs.cc:313] Telemetry decoder reset for satellite GPS PRN 13 (Block IIR)
I0525 14:38:30.216069  6301 channel_fsm.cc:89] CH = 7. Ev start acquisition
I0525 14:38:30.216073  6301 channel.cc:248] Channel start_acquisition()
I0525 14:38:30.216079  6301 gnss_flowgraph.cc:1252] Channel 7 in state 1
I0525 14:38:30.216099  6301 gnss_flowgraph.cc:1252] Channel 0 in state 2
I0525 14:38:30.216107  6301 gnss_flowgraph.cc:1252] Channel 1 in state 0
I0525 14:38:30.216116  6301 gnss_flowgraph.cc:1252] Channel 2 in state 2
I0525 14:38:30.216125  6301 gnss_flowgraph.cc:1252] Channel 3 in state 2
I0525 14:38:30.216132  6301 gnss_flowgraph.cc:1252] Channel 4 in state 0
I0525 14:38:30.216140  6301 gnss_flowgraph.cc:1252] Channel 5 in state 2
I0525 14:38:30.216150  6301 gnss_flowgraph.cc:1252] Channel 6 in state 0
I0525 14:38:30.217803  6334 pcps_acquisition.cc:640] Channel: 7 , doing acquisition of satellite: G 13 ,sample stamp: 427813191, threshold: 40.6733, doppler_max: 10000, doppler_step: 250, use_CFAR_algorithm_flag: true
I0525 14:38:30.221696  6334 pcps_acquisition.cc:394] negative acquisition, satellite G 13, sample_stamp 427813191, test statistics value 22.056, test statistics threshold 40.6733, code phase 3399, doppler -10000, magnitude 0, input signal power 4.04869e+07
I0525 14:38:30.221755  6319 channel_fsm.cc:131] CH = 7. Ev failed acquisition no repeat
I0525 14:38:30.222764  6301 control_thread.cc:240] New channel event rx from ch id: 7 what: 0
I0525 14:38:30.222779  6301 gnss_flowgraph.cc:1283] Received 0 from 7
I0525 14:38:30.222857  6301 gnss_flowgraph.cc:1301] Channel 7 ACQ FAILED satellite GPS PRN 13 (Block IIR), Signal 1C
I0525 14:38:30.222878  6301 gnss_flowgraph.cc:1252] Channel 0 in state 2
I0525 14:38:30.226197  6301 gps_l1_ca_telemetry_decoder_gs.cc:164] Setting decoder Finite State Machine to satellite GPS PRN 14 (Block IIR)
I0525 14:38:30.226210  6301 gps_l1_ca_telemetry_decoder_gs.cc:166] Navigation Satellite set to GPS PRN 14 (Block IIR)
I0525 14:38:30.226215  6301 gps_l1_ca_telemetry_decoder.cc:57] TELEMETRY DECODER: satellite set to GPS PRN 14 (Block IIR)
I0525 14:38:30.226258  6301 gnss_flowgraph.cc:1223] Channel 1 Starting acquisition GPS PRN 14 (Block IIR), Signal 1C
I0525 14:38:30.226272  6301 gps_l1_ca_telemetry_decoder_gs.cc:313] Telemetry decoder reset for satellite GPS PRN 14 (Block IIR)
I0525 14:38:30.226277  6301 channel_fsm.cc:89] CH = 1. Ev start acquisition
I0525 14:38:30.226281  6301 channel.cc:248] Channel start_acquisition()
I0525 14:38:30.226289  6301 gnss_flowgraph.cc:1252] Channel 1 in state 1
I0525 14:38:30.226305  6301 gnss_flowgraph.cc:1252] Channel 2 in state 2
I0525 14:38:30.226313  6301 gnss_flowgraph.cc:1252] Channel 3 in state 2
I0525 14:38:30.226322  6301 gnss_flowgraph.cc:1252] Channel 4 in state 0
I0525 14:38:30.226331  6301 gnss_flowgraph.cc:1252] Channel 5 in state 2
I0525 14:38:30.226341  6301 gnss_flowgraph.cc:1252] Channel 6 in state 0
I0525 14:38:30.226348  6301 gnss_flowgraph.cc:1252] Channel 7 in state 0
I0525 14:38:30.227222  6352 pcps_acquisition.cc:640] Channel: 1 , doing acquisition of satellite: G 14 ,sample stamp: 427901191, threshold: 40.6733, doppler_max: 10000, doppler_step: 250, use_CFAR_algorithm_flag: true
I0525 14:38:30.231943  6352 pcps_acquisition.cc:394] negative acquisition, satellite G 14, sample_stamp 427901191, test statistics value 23.4024, test statistics threshold 40.6733, code phase 1823, doppler 9250, magnitude 0, input signal power 3.83144e+07
I0525 14:38:30.232046  6325 channel_fsm.cc:131] CH = 1. Ev failed acquisition no repeat
I0525 14:38:30.232059  6301 control_thread.cc:240] New channel event rx from ch id: 1 what: 0
I0525 14:38:30.232067  6301 gnss_flowgraph.cc:1283] Received 0 from 1
I0525 14:38:30.232110  6301 gnss_flowgraph.cc:1301] Channel 1 ACQ FAILED satellite GPS PRN 14 (Block IIR), Signal 1C
I0525 14:38:30.232121  6301 gnss_flowgraph.cc:1252] Channel 2 in state 2
I0525 14:38:30.232127  6301 gnss_flowgraph.cc:1252] Channel 3 in state 2
I0525 14:38:30.234421  6301 gps_l1_ca_telemetry_decoder_gs.cc:164] Setting decoder Finite State Machine to satellite GPS PRN 15 (Block IIR-M)
I0525 14:38:30.234431  6301 gps_l1_ca_telemetry_decoder_gs.cc:166] Navigation Satellite set to GPS PRN 15 (Block IIR-M)
I0525 14:38:30.234436  6301 gps_l1_ca_telemetry_decoder.cc:57] TELEMETRY DECODER: satellite set to GPS PRN 15 (Block IIR-M)
I0525 14:38:30.234464  6301 gnss_flowgraph.cc:1223] Channel 4 Starting acquisition GPS PRN 15 (Block IIR-M), Signal 1C
I0525 14:38:30.234477  6301 gps_l1_ca_telemetry_decoder_gs.cc:313] Telemetry decoder reset for satellite GPS PRN 15 (Block IIR-M)
I0525 14:38:30.234479  6301 channel_fsm.cc:89] CH = 4. Ev start acquisition
I0525 14:38:30.234483  6301 channel.cc:248] Channel start_acquisition()
I0525 14:38:30.234486  6301 gnss_flowgraph.cc:1252] Channel 4 in state 1
I0525 14:38:30.234496  6301 gnss_flowgraph.cc:1252] Channel 5 in state 2
I0525 14:38:30.234503  6301 gnss_flowgraph.cc:1252] Channel 6 in state 0
I0525 14:38:30.234508  6301 gnss_flowgraph.cc:1252] Channel 7 in state 0
I0525 14:38:30.234514  6301 gnss_flowgraph.cc:1252] Channel 0 in state 2
I0525 14:38:30.234519  6301 gnss_flowgraph.cc:1252] Channel 1 in state 0
I0525 14:38:30.236593  6343 pcps_acquisition.cc:640] Channel: 4 , doing acquisition of satellite: G 15 ,sample stamp: 427913191, threshold: 40.6733, doppler_max: 10000, doppler_step: 250, use_CFAR_algorithm_flag: true
I0525 14:38:30.241573  6356 rtklib_solver.cc:985] RTKLIB Position at RX TOW = 110328 in ECEF (X,Y,Z,t[meters]) =   -2.8458e+06
   4.6592e+06
   3.2867e+06
   8.2617e-03
I0525 14:38:30.241638  6356 rtklib_solver.cc:999] RTKLIB Position at 2020-May-25 06:38:30.120000 is Lat = 13.2185 [deg], Long = 37.416 [deg], Height= 88.9023 [m] RX time offset= 0.00826168 [s]
I0525 14:38:30.241664  6356 rtklib_pvt_gs.cc:1960] initialized carrier phase at channel 1
I0525 14:38:30.241672  6356 rtklib_pvt_gs.cc:1960] initialized carrier phase at channel 3
I0525 14:38:30.241677  6356 rtklib_pvt_gs.cc:1960] initialized carrier phase at channel 4
I0525 14:38:30.241683  6356 rtklib_pvt_gs.cc:1960] initialized carrier phase at channel 5
I0525 14:38:30.241690  6356 rtklib_pvt_gs.cc:1960] initialized carrier phase at channel 6
I0525 14:38:30.241694  6356 rtklib_pvt_gs.cc:2186] Rx clock offset at interpolated RX time: 8.26168[s] at RX time: 110328120 [ms]
I0525 14:38:30.242168  6343 pcps_acquisition.cc:394] negative acquisition, satellite G 15, sample_stamp 427913191, test statistics value 25.9076, test statistics threshold 40.6733, code phase 3921, doppler -1250, magnitude 0, input signal power 3.94968e+07
I0525 14:38:30.243432  6322 channel_fsm.cc:131] CH = 4. Ev failed acquisition no repeat
I0525 14:38:30.245220  6301 control_thread.cc:240] New channel event rx from ch id: 4 what: 0
I0525 14:38:30.245232  6301 gnss_flowgraph.cc:1283] Received 0 from 4
I0525 14:38:30.245290  6301 gnss_flowgraph.cc:1301] Channel 4 ACQ FAILED satellite GPS PRN 15 (Block IIR-M), Signal 1C
I0525 14:38:30.245311  6301 gnss_flowgraph.cc:1252] Channel 5 in state 2
I0525 14:38:30.248883  6301 gps_l1_ca_telemetry_decoder_gs.cc:164] Setting decoder Finite State Machine to satellite GPS PRN 16 (Block IIR)
I0525 14:38:30.248898  6301 gps_l1_ca_telemetry_decoder_gs.cc:166] Navigation Satellite set to GPS PRN 16 (Block IIR)
I0525 14:38:30.248904  6301 gps_l1_ca_telemetry_decoder.cc:57] TELEMETRY DECODER: satellite set to GPS PRN 16 (Block IIR)
I0525 14:38:30.248965  6301 gnss_flowgraph.cc:1223] Channel 6 Starting acquisition GPS PRN 16 (Block IIR), Signal 1C
I0525 14:38:30.248991  6301 gps_l1_ca_telemetry_decoder_gs.cc:313] Telemetry decoder reset for satellite GPS PRN 16 (Block IIR)
I0525 14:38:30.248997  6301 channel_fsm.cc:89] CH = 6. Ev start acquisition
I0525 14:38:30.249002  6301 channel.cc:248] Channel start_acquisition()
I0525 14:38:30.249011  6301 gnss_flowgraph.cc:1252] Channel 6 in state 1
I0525 14:38:30.249029  6301 gnss_flowgraph.cc:1252] Channel 7 in state 0
I0525 14:38:30.249040  6301 gnss_flowgraph.cc:1252] Channel 0 in state 2
I0525 14:38:30.249050  6301 gnss_flowgraph.cc:1252] Channel 1 in state 0
I0525 14:38:30.249061  6301 gnss_flowgraph.cc:1252] Channel 2 in state 2
I0525 14:38:30.249071  6301 gnss_flowgraph.cc:1252] Channel 3 in state 2
I0525 14:38:30.249083  6301 gnss_flowgraph.cc:1252] Channel 4 in state 0
I0525 14:38:30.259979  6337 pcps_acquisition.cc:640] Channel: 6 , doing acquisition of satellite: G 16 ,sample stamp: 427957191, threshold: 40.6733, doppler_max: 10000, doppler_step: 250, use_CFAR_algorithm_flag: true
I0525 14:38:30.264439  6337 pcps_acquisition.cc:394] negative acquisition, satellite G 16, sample_stamp 427957191, test statistics value 24.4311, test statistics threshold 40.6733, code phase 1630, doppler 5000, magnitude 0, input signal power 3.87254e+07
I0525 14:38:30.264515  6320 channel_fsm.cc:131] CH = 6. Ev failed acquisition no repeat
I0525 14:38:30.264612  6301 control_thread.cc:240] New channel event rx from ch id: 6 what: 0
I0525 14:38:30.264623  6301 gnss_flowgraph.cc:1283] Received 0 from 6
I0525 14:38:30.264704  6301 gnss_flowgraph.cc:1301] Channel 6 ACQ FAILED satellite GPS PRN 16 (Block IIR), Signal 1C
I0525 14:38:30.271384  6301 gps_l1_ca_telemetry_decoder_gs.cc:164] Setting decoder Finite State Machine to satellite GPS PRN 18 (Block IIR)
I0525 14:38:30.271407  6301 gps_l1_ca_telemetry_decoder_gs.cc:166] Navigation Satellite set to GPS PRN 18 (Block IIR)
I0525 14:38:30.271414  6301 gps_l1_ca_telemetry_decoder.cc:57] TELEMETRY DECODER: satellite set to GPS PRN 18 (Block IIR)
I0525 14:38:30.271450  6301 gnss_flowgraph.cc:1223] Channel 7 Starting acquisition GPS PRN 18 (Block IIR), Signal 1C
I0525 14:38:30.271466  6301 gps_l1_ca_telemetry_decoder_gs.cc:313] Telemetry decoder reset for satellite GPS PRN 18 (Block IIR)
I0525 14:38:30.271472  6301 channel_fsm.cc:89] CH = 7. Ev start acquisition
I0525 14:38:30.271477  6301 channel.cc:248] Channel start_acquisition()
I0525 14:38:30.271486  6301 gnss_flowgraph.cc:1252] Channel 7 in state 1
I0525 14:38:30.271541  6301 gnss_flowgraph.cc:1252] Channel 0 in state 2
I0525 14:38:30.271553  6301 gnss_flowgraph.cc:1252] Channel 1 in state 0
I0525 14:38:30.271564  6301 gnss_flowgraph.cc:1252] Channel 2 in state 2
I0525 14:38:30.274776  6301 gnss_flowgraph.cc:1252] Channel 3 in state 2
I0525 14:38:30.274816  6301 gnss_flowgraph.cc:1252] Channel 4 in state 0
I0525 14:38:30.274827  6301 gnss_flowgraph.cc:1252] Channel 5 in state 2
I0525 14:38:30.274837  6301 gnss_flowgraph.cc:1252] Channel 6 in state 0
I0525 14:38:30.276095  6334 pcps_acquisition.cc:640] Channel: 7 , doing acquisition of satellite: G 18 ,sample stamp: 427997191, threshold: 40.6733, doppler_max: 10000, doppler_step: 250, use_CFAR_algorithm_flag: true
I0525 14:38:30.283845  6356 rtklib_solver.cc:985] RTKLIB Position at RX TOW = 110328 in ECEF (X,Y,Z,t[meters]) =   -2.8458e+06
   4.6592e+06
   3.2867e+06
   8.2617e-03
I0525 14:38:30.283919  6356 rtklib_solver.cc:999] RTKLIB Position at 2020-May-25 06:38:30.140000 is Lat = 13.2185 [deg], Long = 37.416 [deg], Height= 89.0204 [m] RX time offset= 0.00826168 [s]
I0525 14:38:30.283946  6356 rtklib_pvt_gs.cc:2186] Rx clock offset at interpolated RX time: 8.26168[s] at RX time: 110328140 [ms]
I0525 14:38:30.284271  6334 pcps_acquisition.cc:394] negative acquisition, satellite G 18, sample_stamp 427997191, test statistics value 25.585, test statistics threshold 40.6733, code phase 2794, doppler -2750, magnitude 0, input signal power 3.82622e+07
I0525 14:38:30.284397  6319 channel_fsm.cc:131] CH = 7. Ev failed acquisition no repeat
I0525 14:38:30.284425  6301 control_thread.cc:240] New channel event rx from ch id: 7 what: 0
I0525 14:38:30.284432  6301 gnss_flowgraph.cc:1283] Received 0 from 7
I0525 14:38:30.284648  6301 gnss_flowgraph.cc:1301] Channel 7 ACQ FAILED satellite GPS PRN 18 (Block IIR), Signal 1C
I0525 14:38:30.284670  6301 gnss_flowgraph.cc:1252] Channel 0 in state 2
I0525 14:38:30.290573  6301 gps_l1_ca_telemetry_decoder_gs.cc:164] Setting decoder Finite State Machine to satellite GPS PRN 20 (Block IIR)
I0525 14:38:30.290588  6301 gps_l1_ca_telemetry_decoder_gs.cc:166] Navigation Satellite set to GPS PRN 20 (Block IIR)
I0525 14:38:30.290594  6301 gps_l1_ca_telemetry_decoder.cc:57] TELEMETRY DECODER: satellite set to GPS PRN 20 (Block IIR)
I0525 14:38:30.290629  6301 gnss_flowgraph.cc:1223] Channel 1 Starting acquisition GPS PRN 20 (Block IIR), Signal 1C
I0525 14:38:30.290644  6301 gps_l1_ca_telemetry_decoder_gs.cc:313] Telemetry decoder reset for satellite GPS PRN 20 (Block IIR)
I0525 14:38:30.290649  6301 channel_fsm.cc:89] CH = 1. Ev start acquisition
I0525 14:38:30.290654  6301 channel.cc:248] Channel start_acquisition()
I0525 14:38:30.290663  6301 gnss_flowgraph.cc:1252] Channel 1 in state 1
I0525 14:38:30.290706  6301 gnss_flowgraph.cc:1252] Channel 2 in state 2
I0525 14:38:30.290719  6301 gnss_flowgraph.cc:1252] Channel 3 in state 2
I0525 14:38:30.290729  6301 gnss_flowgraph.cc:1252] Channel 4 in state 0
I0525 14:38:30.290740  6301 gnss_flowgraph.cc:1252] Channel 5 in state 2
I0525 14:38:30.290750  6301 gnss_flowgraph.cc:1252] Channel 6 in state 0
I0525 14:38:30.290760  6301 gnss_flowgraph.cc:1252] Channel 7 in state 0
I0525 14:38:30.294528  6352 pcps_acquisition.cc:640] Channel: 1 , doing acquisition of satellite: G 20 ,sample stamp: 428025191, threshold: 40.6733, doppler_max: 10000, doppler_step: 250, use_CFAR_algorithm_flag: true
I0525 14:38:30.301038  6352 pcps_acquisition.cc:394] negative acquisition, satellite G 20, sample_stamp 428025191, test statistics value 23.522, test statistics threshold 40.6733, code phase 2104, doppler 6250, magnitude 0, input signal power 3.50567e+07
I0525 14:38:30.301132  6325 channel_fsm.cc:131] CH = 1. Ev failed acquisition no repeat
I0525 14:38:30.304122  6301 control_thread.cc:240] New channel event rx from ch id: 1 what: 0
I0525 14:38:30.304137  6301 gnss_flowgraph.cc:1283] Received 0 from 1
I0525 14:38:30.304219  6301 gnss_flowgraph.cc:1301] Channel 1 ACQ FAILED satellite GPS PRN 20 (Block IIR), Signal 1C
I0525 14:38:30.304239  6301 gnss_flowgraph.cc:1252] Channel 2 in state 2
I0525 14:38:30.304251  6301 gnss_flowgraph.cc:1252] Channel 3 in state 2
I0525 14:38:30.307792  6301 gps_l1_ca_telemetry_decoder_gs.cc:164] Setting decoder Finite State Machine to satellite GPS PRN 21 (Block IIR)
I0525 14:38:30.307807  6301 gps_l1_ca_telemetry_decoder_gs.cc:166] Navigation Satellite set to GPS PRN 21 (Block IIR)
I0525 14:38:30.307813  6301 gps_l1_ca_telemetry_decoder.cc:57] TELEMETRY DECODER: satellite set to GPS PRN 21 (Block IIR)
I0525 14:38:30.307854  6301 gnss_flowgraph.cc:1223] Channel 4 Starting acquisition GPS PRN 21 (Block IIR), Signal 1C
I0525 14:38:30.307871  6301 gps_l1_ca_telemetry_decoder_gs.cc:313] Telemetry decoder reset for satellite GPS PRN 21 (Block IIR)
I0525 14:38:30.307878  6301 channel_fsm.cc:89] CH = 4. Ev start acquisition
I0525 14:38:30.307884  6301 channel.cc:248] Channel start_acquisition()
I0525 14:38:30.307893  6301 gnss_flowgraph.cc:1252] Channel 4 in state 1
I0525 14:38:30.307912  6301 gnss_flowgraph.cc:1252] Channel 5 in state 2
I0525 14:38:30.307925  6301 gnss_flowgraph.cc:1252] Channel 6 in state 0
I0525 14:38:30.307937  6301 gnss_flowgraph.cc:1252] Channel 7 in state 0
I0525 14:38:30.307950  6301 gnss_flowgraph.cc:1252] Channel 0 in state 2
I0525 14:38:30.307994  6301 gnss_flowgraph.cc:1252] Channel 1 in state 0
I0525 14:38:30.313180  6343 pcps_acquisition.cc:640] Channel: 4 , doing acquisition of satellite: G 21 ,sample stamp: 428041191, threshold: 40.6733, doppler_max: 10000, doppler_step: 250, use_CFAR_algorithm_flag: true
I0525 14:38:30.317852  6343 pcps_acquisition.cc:394] negative acquisition, satellite G 21, sample_stamp 428041191, test statistics value 29.0902, test statistics threshold 40.6733, code phase 2042, doppler -9750, magnitude 0, input signal power 3.78264e+07
I0525 14:38:30.317963  6322 channel_fsm.cc:131] CH = 4. Ev failed acquisition no repeat
I0525 14:38:30.317984  6301 control_thread.cc:240] New channel event rx from ch id: 4 what: 0
I0525 14:38:30.317999  6301 gnss_flowgraph.cc:1283] Received 0 from 4
I0525 14:38:30.318094  6301 gnss_flowgraph.cc:1301] Channel 4 ACQ FAILED satellite GPS PRN 21 (Block IIR), Signal 1C
I0525 14:38:30.318118  6301 gnss_flowgraph.cc:1252] Channel 5 in state 2
I0525 14:38:30.321882  6301 gps_l1_ca_telemetry_decoder_gs.cc:164] Setting decoder Finite State Machine to satellite GPS PRN 23 (Block IIR)
I0525 14:38:30.321895  6301 gps_l1_ca_telemetry_decoder_gs.cc:166] Navigation Satellite set to GPS PRN 23 (Block IIR)
I0525 14:38:30.321902  6301 gps_l1_ca_telemetry_decoder.cc:57] TELEMETRY DECODER: satellite set to GPS PRN 23 (Block IIR)
I0525 14:38:30.321947  6301 gnss_flowgraph.cc:1223] Channel 6 Starting acquisition GPS PRN 23 (Block IIR), Signal 1C
I0525 14:38:30.321966  6301 gps_l1_ca_telemetry_decoder_gs.cc:313] Telemetry decoder reset for satellite GPS PRN 23 (Block IIR)
I0525 14:38:30.321974  6301 channel_fsm.cc:89] CH = 6. Ev start acquisition
I0525 14:38:30.321979  6301 channel.cc:248] Channel start_acquisition()
I0525 14:38:30.321990  6301 gnss_flowgraph.cc:1252] Channel 6 in state 1
I0525 14:38:30.322010  6301 gnss_flowgraph.cc:1252] Channel 7 in state 0
I0525 14:38:30.322024  6301 gnss_flowgraph.cc:1252] Channel 0 in state 2
I0525 14:38:30.322036  6301 gnss_flowgraph.cc:1252] Channel 1 in state 0
I0525 14:38:30.322048  6301 gnss_flowgraph.cc:1252] Channel 2 in state 2
I0525 14:38:30.322069  6301 gnss_flowgraph.cc:1252] Channel 3 in state 2
I0525 14:38:30.322083  6301 gnss_flowgraph.cc:1252] Channel 4 in state 0
I0525 14:38:30.326005  6337 pcps_acquisition.cc:640] Channel: 6 , doing acquisition of satellite: G 23 ,sample stamp: 428073191, threshold: 40.6733, doppler_max: 10000, doppler_step: 250, use_CFAR_algorithm_flag: true
I0525 14:38:30.331547  6337 pcps_acquisition.cc:394] negative acquisition, satellite G 23, sample_stamp 428073191, test statistics value 22.3041, test statistics threshold 40.6733, code phase 2656, doppler -5000, magnitude 0, input signal power 3.86807e+07
I0525 14:38:30.331634  6320 channel_fsm.cc:131] CH = 6. Ev failed acquisition no repeat
I0525 14:38:30.331643  6301 control_thread.cc:240] New channel event rx from ch id: 6 what: 0
I0525 14:38:30.331652  6301 gnss_flowgraph.cc:1283] Received 0 from 6
I0525 14:38:30.331723  6301 gnss_flowgraph.cc:1301] Channel 6 ACQ FAILED satellite GPS PRN 23 (Block IIR), Signal 1C
I0525 14:38:30.336315  6301 gps_l1_ca_telemetry_decoder_gs.cc:164] Setting decoder Finite State Machine to satellite GPS PRN 24 (Block IIF)
I0525 14:38:30.336328  6301 gps_l1_ca_telemetry_decoder_gs.cc:166] Navigation Satellite set to GPS PRN 24 (Block IIF)
I0525 14:38:30.336335  6301 gps_l1_ca_telemetry_decoder.cc:57] TELEMETRY DECODER: satellite set to GPS PRN 24 (Block IIF)
I0525 14:38:30.336390  6301 gnss_flowgraph.cc:1223] Channel 7 Starting acquisition GPS PRN 24 (Block IIF), Signal 1C
I0525 14:38:30.336407  6301 gps_l1_ca_telemetry_decoder_gs.cc:313] Telemetry decoder reset for satellite GPS PRN 24 (Block IIF)
I0525 14:38:30.336413  6301 channel_fsm.cc:89] CH = 7. Ev start acquisition
I0525 14:38:30.336419  6301 channel.cc:248] Channel start_acquisition()
I0525 14:38:30.336428  6301 gnss_flowgraph.cc:1252] Channel 7 in state 1
I0525 14:38:30.336447  6301 gnss_flowgraph.cc:1252] Channel 0 in state 2
I0525 14:38:30.336460  6301 gnss_flowgraph.cc:1252] Channel 1 in state 0
I0525 14:38:30.336472  6301 gnss_flowgraph.cc:1252] Channel 2 in state 2
I0525 14:38:30.336485  6301 gnss_flowgraph.cc:1252] Channel 3 in state 2
I0525 14:38:30.336498  6301 gnss_flowgraph.cc:1252] Channel 4 in state 0
I0525 14:38:30.336666  6301 gnss_flowgraph.cc:1252] Channel 5 in state 2
I0525 14:38:30.336680  6301 gnss_flowgraph.cc:1252] Channel 6 in state 0
I0525 14:38:30.338934  6334 pcps_acquisition.cc:640] Channel: 7 , doing acquisition of satellite: G 24 ,sample stamp: 428085191, threshold: 40.6733, doppler_max: 10000, doppler_step: 250, use_CFAR_algorithm_flag: true
I0525 14:38:30.340952  6356 rtklib_solver.cc:985] RTKLIB Position at RX TOW = 110328 in ECEF (X,Y,Z,t[meters]) =   -2.8458e+06
   4.6592e+06
   3.2867e+06
   8.2617e-03
I0525 14:38:30.341004  6356 rtklib_solver.cc:999] RTKLIB Position at 2020-May-25 06:38:30.160000 is Lat = 13.2185 [deg], Long = 37.416 [deg], Height= 89.017 [m] RX time offset= 0.00826168 [s]
I0525 14:38:30.341028  6356 rtklib_pvt_gs.cc:2186] Rx clock offset at interpolated RX time: 8.26168[s] at RX time: 110328160 [ms]
I0525 14:38:30.343899  6334 pcps_acquisition.cc:394] negative acquisition, satellite G 24, sample_stamp 428085191, test statistics value 24.907, test statistics threshold 40.6733, code phase 3661, doppler 5750, magnitude 0, input signal power 3.65179e+07
I0525 14:38:30.344269  6319 channel_fsm.cc:131] CH = 7. Ev failed acquisition no repeat
I0525 14:38:30.344880  6301 control_thread.cc:240] New channel event rx from ch id: 7 what: 0
I0525 14:38:30.344890  6301 gnss_flowgraph.cc:1283] Received 0 from 7
I0525 14:38:30.344955  6301 gnss_flowgraph.cc:1301] Channel 7 ACQ FAILED satellite GPS PRN 24 (Block IIF), Signal 1C
I0525 14:38:30.344976  6301 gnss_flowgraph.cc:1252] Channel 0 in state 2
I0525 14:38:30.351758  6356 rtklib_solver.cc:985] RTKLIB Position at RX TOW = 110328 in ECEF (X,Y,Z,t[meters]) =   -2.8458e+06
   4.6592e+06
   3.2867e+06
   8.2617e-03
I0525 14:38:30.351817  6356 rtklib_solver.cc:999] RTKLIB Position at 2020-May-25 06:38:30.180000 is Lat = 13.2185 [deg], Long = 37.416 [deg], Height= 87.7172 [m] RX time offset= 0.00826167 [s]
I0525 14:38:30.351840  6356 rtklib_pvt_gs.cc:2186] Rx clock offset at interpolated RX time: 8.26167[s] at RX time: 110328180 [ms]
I0525 14:38:30.356145  6301 gps_l1_ca_telemetry_decoder_gs.cc:164] Setting decoder Finite State Machine to satellite GPS PRN 25 (Block IIF)
I0525 14:38:30.356169  6301 gps_l1_ca_telemetry_decoder_gs.cc:166] Navigation Satellite set to GPS PRN 25 (Block IIF)
I0525 14:38:30.356176  6301 gps_l1_ca_telemetry_decoder.cc:57] TELEMETRY DECODER: satellite set to GPS PRN 25 (Block IIF)
I0525 14:38:30.356765  6301 gnss_flowgraph.cc:1223] Channel 1 Starting acquisition GPS PRN 25 (Block IIF), Signal 1C
I0525 14:38:30.356789  6301 gps_l1_ca_telemetry_decoder_gs.cc:313] Telemetry decoder reset for satellite GPS PRN 25 (Block IIF)
I0525 14:38:30.356797  6301 channel_fsm.cc:89] CH = 1. Ev start acquisition
I0525 14:38:30.356804  6301 channel.cc:248] Channel start_acquisition()
I0525 14:38:30.356813  6301 gnss_flowgraph.cc:1252] Channel 1 in state 1
I0525 14:38:30.356842  6301 gnss_flowgraph.cc:1252] Channel 2 in state 2
I0525 14:38:30.356855  6301 gnss_flowgraph.cc:1252] Channel 3 in state 2
I0525 14:38:30.356868  6301 gnss_flowgraph.cc:1252] Channel 4 in state 0
I0525 14:38:30.356879  6301 gnss_flowgraph.cc:1252] Channel 5 in state 2
I0525 14:38:30.356891  6301 gnss_flowgraph.cc:1252] Channel 6 in state 0
I0525 14:38:30.356904  6301 gnss_flowgraph.cc:1252] Channel 7 in state 0
I0525 14:38:30.360235  6352 pcps_acquisition.cc:640] Channel: 1 , doing acquisition of satellite: G 25 ,sample stamp: 428257538, threshold: 40.6733, doppler_max: 10000, doppler_step: 250, use_CFAR_algorithm_flag: true
I0525 14:38:30.364431  6352 pcps_acquisition.cc:394] negative acquisition, satellite G 25, sample_stamp 428257538, test statistics value 28.4463, test statistics threshold 40.6733, code phase 1477, doppler 1500, magnitude 0, input signal power 3.67458e+07
I0525 14:38:30.364574  6325 channel_fsm.cc:131] CH = 1. Ev failed acquisition no repeat
I0525 14:38:30.364735  6301 control_thread.cc:240] New channel event rx from ch id: 1 what: 0
I0525 14:38:30.364749  6301 gnss_flowgraph.cc:1283] Received 0 from 1
I0525 14:38:30.364895  6301 gnss_flowgraph.cc:1301] Channel 1 ACQ FAILED satellite GPS PRN 25 (Block IIF), Signal 1C
I0525 14:38:30.364919  6301 gnss_flowgraph.cc:1252] Channel 2 in state 2
I0525 14:38:30.364931  6301 gnss_flowgraph.cc:1252] Channel 3 in state 2
I0525 14:38:30.371273  6301 gps_l1_ca_telemetry_decoder_gs.cc:164] Setting decoder Finite State Machine to satellite GPS PRN 26 (Block IIF)
I0525 14:38:30.371294  6301 gps_l1_ca_telemetry_decoder_gs.cc:166] Navigation Satellite set to GPS PRN 26 (Block IIF)
I0525 14:38:30.371301  6301 gps_l1_ca_telemetry_decoder.cc:57] TELEMETRY DECODER: satellite set to GPS PRN 26 (Block IIF)
I0525 14:38:30.371336  6301 gnss_flowgraph.cc:1223] Channel 4 Starting acquisition GPS PRN 26 (Block IIF), Signal 1C
I0525 14:38:30.371352  6301 gps_l1_ca_telemetry_decoder_gs.cc:313] Telemetry decoder reset for satellite GPS PRN 26 (Block IIF)
I0525 14:38:30.371358  6301 channel_fsm.cc:89] CH = 4. Ev start acquisition
I0525 14:38:30.371363  6301 channel.cc:248] Channel start_acquisition()
I0525 14:38:30.371372  6301 gnss_flowgraph.cc:1252] Channel 4 in state 1
I0525 14:38:30.371397  6301 gnss_flowgraph.cc:1252] Channel 5 in state 2
I0525 14:38:30.371407  6301 gnss_flowgraph.cc:1252] Channel 6 in state 0
I0525 14:38:30.371418  6301 gnss_flowgraph.cc:1252] Channel 7 in state 0
I0525 14:38:30.371429  6301 gnss_flowgraph.cc:1252] Channel 0 in state 2
I0525 14:38:30.371439  6301 gnss_flowgraph.cc:1252] Channel 1 in state 0
I0525 14:38:30.375722  6343 pcps_acquisition.cc:640] Channel: 4 , doing acquisition of satellite: G 26 ,sample stamp: 428298631, threshold: 40.6733, doppler_max: 10000, doppler_step: 250, use_CFAR_algorithm_flag: true
I0525 14:38:30.380331  6343 pcps_acquisition.cc:394] negative acquisition, satellite G 26, sample_stamp 428298631, test statistics value 25.4607, test statistics threshold 40.6733, code phase 2530, doppler -4000, magnitude 0, input signal power 4.02719e+07
I0525 14:38:30.380414  6322 channel_fsm.cc:131] CH = 4. Ev failed acquisition no repeat
I0525 14:38:30.380432  6301 control_thread.cc:240] New channel event rx from ch id: 4 what: 0
I0525 14:38:30.380445  6301 gnss_flowgraph.cc:1283] Received 0 from 4
I0525 14:38:30.380511  6301 gnss_flowgraph.cc:1301] Channel 4 ACQ FAILED satellite GPS PRN 26 (Block IIF), Signal 1C
I0525 14:38:30.380528  6301 gnss_flowgraph.cc:1252] Channel 5 in state 2
I0525 14:38:30.383433  6301 gps_l1_ca_telemetry_decoder_gs.cc:164] Setting decoder Finite State Machine to satellite GPS PRN 27 (Block IIF)
I0525 14:38:30.383446  6301 gps_l1_ca_telemetry_decoder_gs.cc:166] Navigation Satellite set to GPS PRN 27 (Block IIF)
I0525 14:38:30.383452  6301 gps_l1_ca_telemetry_decoder.cc:57] TELEMETRY DECODER: satellite set to GPS PRN 27 (Block IIF)
I0525 14:38:30.383486  6301 gnss_flowgraph.cc:1223] Channel 6 Starting acquisition GPS PRN 27 (Block IIF), Signal 1C
I0525 14:38:30.383502  6301 gps_l1_ca_telemetry_decoder_gs.cc:313] Telemetry decoder reset for satellite GPS PRN 27 (Block IIF)
I0525 14:38:30.383508  6301 channel_fsm.cc:89] CH = 6. Ev start acquisition
